ASxxxx Linker V02.00 + NoICE + sdld,  page 1.
Hexadecimal

Area                               Addr   Size   Decimal Bytes (Attributes)
--------------------------------   ----   ----   ------- ----- ------------
CABS                               0000   0000 =      0. bytes (ABS,CON,CODE)

      Value  Global                              Global Defined In Module
      -----  ---------------------------------   ------------------------
       0C:  FFFFFF00  s_BSEG                           
       0C:  0000  l_BIT_BANK                       
       0C:  0000  l_BSEG                           
       0C:  0000  l_BSEG_BYTES                     
       0C:  0000  l_CABS                           
       0C:  0000  l_CONST                          
       0C:  0000  l_GSINIT1                        
       0C:  0000  l_GSINIT5                        
       0C:  0000  l_IABS                           
       0C:  0000  l_ISEG                           
       0C:  0000  l_OSEG                           
       0C:  0000  l_PSEG                           
       0C:  0000  l_REG_BANK_2                     
       0C:  0000  l_REG_BANK_3                     
       0C:  0000  l_RSEG                           
       0C:  0000  l_RSEG0                          
       0C:  0000  l_RSEG1                          
       0C:  0000  l_XABS                           
       0C:  0000  l_XINIT                          
       0C:  0000  l_XISEG                          
       0C:  0000  l_XSEG                           
       0C:  0000  l__CODE                          
       0C:  0000  s_BSEG_BYTES                     
       0C:  0000  s_CABS                           
       0C:  0000  s_DSEG                           
       0C:  0000  s_HOME                           
       0C:  0000  s_IABS                           
       0C:  0000  s_ISEG                           
       0C:  0000  s_PSEG                           
       0C:  0000  s_REG_BANK_0                     
       0C:  0000  s_RSEG                           
       0C:  0000  s_RSEG0                          
       0C:  0000  s_RSEG1                          
       0C:  0000  s_XABS                           
       0C:  0000  s_XISEG                          
       0C:  0000  s_XSEG                           
       0C:  0003  l_GSFINAL                        
       0C:  0003  l_GSINIT0                        
       0C:  0008  l_REG_BANK_0                     
       0C:  0008  l_REG_BANK_1                     
       0C:  0008  s_REG_BANK_1                     
       0C:  000A  l_GSINIT2                        
       0C:  0010  s_REG_BANK_2                     
       0C:  0018  s_BIT_BANK                       
       0C:  0018  s_OSEG                           
       0C:  0018  s_REG_BANK_3                     
       0C:  0020  s__CODE                          
       0C:  0022  l_GSINIT3                        
       0C:  0023  l_HOME                           
       0C:  0023  s_GSINIT0                        
ASxxxx Linker V02.00 + NoICE + sdld,  page 2.
Hexadecimal

Area                               Addr   Size   Decimal Bytes (Attributes)
--------------------------------   ----   ----   ------- ----- ------------
CABS                               0000   0000 =      0. bytes (ABS,CON,CODE)

      Value  Global                              Global Defined In Module
      -----  ---------------------------------   ------------------------
       0C:  0026  s_GSINIT1                        
       0C:  0026  s_GSINIT2                        
       0C:  0026  s_SSEG                           
       0C:  002A  l_GSINIT4                        
       0C:  0030  s_GSINIT3                        
       0C:  0035  l_GSINIT                         
       0C:  0052  s_GSINIT4                        
       0C:  007C  s_GSINIT                         
       0C:  007C  s_GSINIT5                        
       0C:  0080  l_DSEG                           
       0C:  00B1  s_GSFINAL                        
       0C:  00B4  s_CSEG                           
       0C:  00DA  l_SSEG                           
       0C:  0100  l_IRAM                           
       0C:  1AE6  l_CSEG                           
       0C:  1B9A  s_CONST                          
       0C:  1B9A  s_XINIT                          

ASxxxx Linker V02.00 + NoICE + sdld,  page 3.
Hexadecimal

Area                               Addr   Size   Decimal Bytes (Attributes)
--------------------------------   ----   ----   ------- ----- ------------
XABS                               0000   0000 =      0. bytes (ABS,CON,XDATA)

      Value  Global                              Global Defined In Module
      -----  ---------------------------------   ------------------------
ASxxxx Linker V02.00 + NoICE + sdld,  page 4.
Hexadecimal

Area                               Addr   Size   Decimal Bytes (Attributes)
--------------------------------   ----   ----   ------- ----- ------------
IABS                               0000   0000 =      0. bytes (ABS,CON)

      Value  Global                              Global Defined In Module
      -----  ---------------------------------   ------------------------
ASxxxx Linker V02.00 + NoICE + sdld,  page 5.
Hexadecimal

Area                               Addr   Size   Decimal Bytes (Attributes)
--------------------------------   ----   ----   ------- ----- ------------
RSEG1                              0000   0000 =      0. bytes (ABS,CON)

      Value  Global                              Global Defined In Module
      -----  ---------------------------------   ------------------------
ASxxxx Linker V02.00 + NoICE + sdld,  page 6.
Hexadecimal

Area                               Addr   Size   Decimal Bytes (Attributes)
--------------------------------   ----   ----   ------- ----- ------------
RSEG0                              0000   0000 =      0. bytes (ABS,CON)

      Value  Global                              Global Defined In Module
      -----  ---------------------------------   ------------------------
ASxxxx Linker V02.00 + NoICE + sdld,  page 7.
Hexadecimal

Area                               Addr   Size   Decimal Bytes (Attributes)
--------------------------------   ----   ----   ------- ----- ------------
RSEG                               0000   0000 =      0. bytes (ABS,CON)

      Value  Global                              Global Defined In Module
      -----  ---------------------------------   ------------------------
ASxxxx Linker V02.00 + NoICE + sdld,  page 8.
Hexadecimal

Area                               Addr   Size   Decimal Bytes (Attributes)
--------------------------------   ----   ----   ------- ----- ------------
.	.ABS.                            0000   0000 =      0. bytes (ABS,CON)

      Value  Global                              Global Defined In Module
      -----  ---------------------------------   ------------------------
            0000  .__.ABS.                         
            0080  _P0                              
            0080  _P0_0                            
            0081  _P0_1                            
            0081  _SP                              
            0082  _DPL                             
            0082  _P0_2                            
            0083  _DPH                             
            0083  _P0_3                            
            0084  _P0_4                            
            0085  _P0_5                            
            0086  _P0_6                            
            0087  _P0_7                            
            0087  _PCON                            
            0088  _IT0                             
            0088  _TCON                            
            0089  _IE0                             
            0089  _TMOD                            
            008A  _IT1                             
            008A  _TL0                             
            008B  _IE1                             
            008B  _TL1                             
            008C  _TH0                             
            008C  _TR0                             
            008D  _TF0                             
            008D  _TH1                             
            008E  _TR1                             
            008F  _TF1                             
            0090  _P1                              
            0090  _P1_0                            
            0091  _P1_1                            
            0092  _P1_2                            
            0093  _P1_3                            
            0094  _P1_4                            
            0095  _P1_5                            
            0096  _P1_6                            
            0097  _P1_7                            
            0098  _RI                              
            0098  _SCON                            
            0099  _SBUF                            
            0099  _TI                              
            009A  _RB8                             
            009B  _TB8                             
            009C  _REN                             
            009D  _SM2                             
            009E  _SM1                             
            009F  _SM0                             
            00A0  _P2                              
            00A0  _P2_0                            
            00A0  __XPAGE                          
ASxxxx Linker V02.00 + NoICE + sdld,  page 9.
Hexadecimal

Area                               Addr   Size   Decimal Bytes (Attributes)
--------------------------------   ----   ----   ------- ----- ------------
.	.ABS.                            0000   0000 =      0. bytes (ABS,CON)

      Value  Global                              Global Defined In Module
      -----  ---------------------------------   ------------------------
            00A1  _P2_1                            
            00A2  _P2_2                            
            00A3  _P2_3                            
            00A4  _P2_4                            
            00A5  _P2_5                            
            00A6  _P2_6                            
            00A7  _P2_7                            
            00A8  _EX0                             
            00A8  _IE                              
            00A9  _ET0                             
            00AA  _EX1                             
            00AB  _ET1                             
            00AC  _ES                              
            00AD  _ET2                             
            00AF  _EA                              
            00B0  _P3                              
            00B0  _P3_0                            
            00B0  _RXD                             
            00B1  _P3_1                            
            00B1  _TXD                             
            00B2  _INT0                            
            00B2  _P3_2                            
            00B3  _INT1                            
            00B3  _P3_3                            
            00B4  _P3_4                            
            00B4  _T0                              
            00B5  _P3_5                            
            00B5  _T1                              
            00B6  _P3_6                            
            00B6  _WR                              
            00B7  _P3_7                            
            00B7  _RD                              
            00B8  _IP                              
            00B8  _PX0                             
            00B9  _PT0                             
            00BA  _PX1                             
            00BB  _PT1                             
            00BC  _PS                              
            00BD  _PT2                             
            00C8  _CP_RL2                          
            00C8  _T2CON                           
            00C8  _T2CON_0                         
            00C9  _C_T2                            
            00C9  _T2CON_1                         
            00CA  _RCAP2L                          
            00CA  _T2CON_2                         
            00CA  _TR2                             
            00CB  _EXEN2                           
            00CB  _RCAP2H                          
            00CB  _T2CON_3                         
            00CC  _T2CON_4                         
ASxxxx Linker V02.00 + NoICE + sdld,  page 10.
Hexadecimal

Area                               Addr   Size   Decimal Bytes (Attributes)
--------------------------------   ----   ----   ------- ----- ------------
.	.ABS.                            0000   0000 =      0. bytes (ABS,CON)

      Value  Global                              Global Defined In Module
      -----  ---------------------------------   ------------------------
            00CC  _TCLK                            
            00CC  _TL2                             
            00CD  _RCLK                            
            00CD  _T2CON_5                         
            00CD  _TH2                             
            00CE  _EXF2                            
            00CE  _T2CON_6                         
            00CF  _T2CON_7                         
            00CF  _TF2                             
            00D0  _P                               
            00D0  _PSW                             
            00D1  _F1                              
            00D2  _OV                              
            00D3  _RS0                             
            00D4  _RS1                             
            00D5  _F0                              
            00D6  _AC                              
            00D7  _CY                              
            00E0  _ACC                             
            00F0  _B                               

ASxxxx Linker V02.00 + NoICE + sdld,  page 11.
Hexadecimal

Area                               Addr   Size   Decimal Bytes (Attributes)
--------------------------------   ----   ----   ------- ----- ------------
BSEG_BYTES                         0000   0000 =      0. bytes (REL,CON)

      Value  Global                              Global Defined In Module
      -----  ---------------------------------   ------------------------
ASxxxx Linker V02.00 + NoICE + sdld,  page 12.
Hexadecimal

Area                               Addr   Size   Decimal Bytes (Attributes)
--------------------------------   ----   ----   ------- ----- ------------
_CODE                              0020   0000 =      0. bytes (REL,CON)

      Value  Global                              Global Defined In Module
      -----  ---------------------------------   ------------------------
ASxxxx Linker V02.00 + NoICE + sdld,  page 13.
Hexadecimal

Area                               Addr   Size   Decimal Bytes (Attributes)
--------------------------------   ----   ----   ------- ----- ------------
REG_BANK_0                         0000   0008 =      8. bytes (REL,OVR)

      Value  Global                              Global Defined In Module
      -----  ---------------------------------   ------------------------
ASxxxx Linker V02.00 + NoICE + sdld,  page 14.
Hexadecimal

Area                               Addr   Size   Decimal Bytes (Attributes)
--------------------------------   ----   ----   ------- ----- ------------
REG_BANK_1                         0008   0008 =      8. bytes (REL,OVR)

      Value  Global                              Global Defined In Module
      -----  ---------------------------------   ------------------------
ASxxxx Linker V02.00 + NoICE + sdld,  page 15.
Hexadecimal

Area                               Addr   Size   Decimal Bytes (Attributes)
--------------------------------   ----   ----   ------- ----- ------------
REG_BANK_2                         0010   0000 =      0. bytes (REL,OVR)

      Value  Global                              Global Defined In Module
      -----  ---------------------------------   ------------------------
ASxxxx Linker V02.00 + NoICE + sdld,  page 16.
Hexadecimal

Area                               Addr   Size   Decimal Bytes (Attributes)
--------------------------------   ----   ----   ------- ----- ------------
REG_BANK_3                         0018   0000 =      0. bytes (REL,OVR)

      Value  Global                              Global Defined In Module
      -----  ---------------------------------   ------------------------
ASxxxx Linker V02.00 + NoICE + sdld,  page 17.
Hexadecimal

Area                               Addr   Size   Decimal Bytes (Attributes)
--------------------------------   ----   ----   ------- ----- ------------
BSEG                               FFFFFF00   0000 =      0. bytes (REL,CON,BIT)

      Value  Global                              Global Defined In Module
      -----  ---------------------------------   ------------------------
ASxxxx Linker V02.00 + NoICE + sdld,  page 18.
Hexadecimal

Area                               Addr   Size   Decimal Bytes (Attributes)
--------------------------------   ----   ----   ------- ----- ------------
BIT_BANK                           0018   0000 =      0. bytes (REL,OVR)

      Value  Global                              Global Defined In Module
      -----  ---------------------------------   ------------------------
ASxxxx Linker V02.00 + NoICE + sdld,  page 19.
Hexadecimal

Area                               Addr   Size   Decimal Bytes (Attributes)
--------------------------------   ----   ----   ------- ----- ------------
DSEG                               0000   0080 =    128. bytes (REL,CON)

      Value  Global                              Global Defined In Module
      -----  ---------------------------------   ------------------------
            0010  _dutytime                        
            0012  _ton                             
            0014  _toff                            
            0016  _temp                            
            0018  _time_count                      
            001A  _ms1                             
            001C  _T_hour                          
            001D  _T_min                           
            001E  _T_sec                           
            001F  _PWM_state                       
            0020  _Action                          
            0021  _change_time                     
            0022  _BT_data                         
            0023  _BT_data_flag                    
            0024  _i                               
            0025  _bp                              
ASxxxx Linker V02.00 + NoICE + sdld,  page 20.
Hexadecimal

Area                               Addr   Size   Decimal Bytes (Attributes)
--------------------------------   ----   ----   ------- ----- ------------
OSEG                               0018   0000 =      0. bytes (REL,OVR)

      Value  Global                              Global Defined In Module
      -----  ---------------------------------   ------------------------
ASxxxx Linker V02.00 + NoICE + sdld,  page 21.
Hexadecimal

Area                               Addr   Size   Decimal Bytes (Attributes)
--------------------------------   ----   ----   ------- ----- ------------
ISEG                               0000   0000 =      0. bytes (REL,CON)

      Value  Global                              Global Defined In Module
      -----  ---------------------------------   ------------------------
ASxxxx Linker V02.00 + NoICE + sdld,  page 22.
Hexadecimal

Area                               Addr   Size   Decimal Bytes (Attributes)
--------------------------------   ----   ----   ------- ----- ------------
SSEG                               0026   00DA =    218. bytes (REL,OVR)

      Value  Global                              Global Defined In Module
      -----  ---------------------------------   ------------------------
            0026  __start__stack                   

ASxxxx Linker V02.00 + NoICE + sdld,  page 23.
Hexadecimal

Area                               Addr   Size   Decimal Bytes (Attributes)
--------------------------------   ----   ----   ------- ----- ------------
PSEG                               0000   0000 =      0. bytes (REL,CON,PAG,XDATA)

      Value  Global                              Global Defined In Module
      -----  ---------------------------------   ------------------------
ASxxxx Linker V02.00 + NoICE + sdld,  page 24.
Hexadecimal

Area                               Addr   Size   Decimal Bytes (Attributes)
--------------------------------   ----   ----   ------- ----- ------------
XSEG                               0000   0000 =      0. bytes (REL,CON,XDATA)

      Value  Global                              Global Defined In Module
      -----  ---------------------------------   ------------------------
ASxxxx Linker V02.00 + NoICE + sdld,  page 25.
Hexadecimal

Area                               Addr   Size   Decimal Bytes (Attributes)
--------------------------------   ----   ----   ------- ----- ------------
XISEG                              0000   0000 =      0. bytes (REL,CON,XDATA)

      Value  Global                              Global Defined In Module
      -----  ---------------------------------   ------------------------
ASxxxx Linker V02.00 + NoICE + sdld,  page 26.
Hexadecimal

Area                               Addr   Size   Decimal Bytes (Attributes)
--------------------------------   ----   ----   ------- ----- ------------
HOME                               0000   0023 =     35. bytes (REL,CON,CODE)

      Value  Global                              Global Defined In Module
      -----  ---------------------------------   ------------------------
       0C:  001E  __sdcc_program_startup           

ASxxxx Linker V02.00 + NoICE + sdld,  page 27.
Hexadecimal

Area                               Addr   Size   Decimal Bytes (Attributes)
--------------------------------   ----   ----   ------- ----- ------------
GSINIT0                            0023   0003 =      3. bytes (REL,CON,CODE)

      Value  Global                              Global Defined In Module
      -----  ---------------------------------   ------------------------
       0C:  0023  __sdcc_gsinit_startup            

ASxxxx Linker V02.00 + NoICE + sdld,  page 28.
Hexadecimal

Area                               Addr   Size   Decimal Bytes (Attributes)
--------------------------------   ----   ----   ------- ----- ------------
GSINIT1                            0026   0000 =      0. bytes (REL,CON,CODE)

      Value  Global                              Global Defined In Module
      -----  ---------------------------------   ------------------------
ASxxxx Linker V02.00 + NoICE + sdld,  page 29.
Hexadecimal

Area                               Addr   Size   Decimal Bytes (Attributes)
--------------------------------   ----   ----   ------- ----- ------------
GSINIT2                            0026   000A =     10. bytes (REL,CON,CODE)

      Value  Global                              Global Defined In Module
      -----  ---------------------------------   ------------------------
ASxxxx Linker V02.00 + NoICE + sdld,  page 30.
Hexadecimal

Area                               Addr   Size   Decimal Bytes (Attributes)
--------------------------------   ----   ----   ------- ----- ------------
GSINIT3                            0030   0022 =     34. bytes (REL,CON,CODE)

      Value  Global                              Global Defined In Module
      -----  ---------------------------------   ------------------------
       0C:  0030  __mcs51_genXINIT                 

ASxxxx Linker V02.00 + NoICE + sdld,  page 31.
Hexadecimal

Area                               Addr   Size   Decimal Bytes (Attributes)
--------------------------------   ----   ----   ------- ----- ------------
GSINIT4                            0052   002A =     42. bytes (REL,CON,CODE)

      Value  Global                              Global Defined In Module
      -----  ---------------------------------   ------------------------
       0C:  0052  __mcs51_genRAMCLEAR              
       0C:  0058  __mcs51_genXRAMCLEAR             

ASxxxx Linker V02.00 + NoICE + sdld,  page 32.
Hexadecimal

Area                               Addr   Size   Decimal Bytes (Attributes)
--------------------------------   ----   ----   ------- ----- ------------
GSINIT5                            007C   0000 =      0. bytes (REL,CON,CODE)

      Value  Global                              Global Defined In Module
      -----  ---------------------------------   ------------------------
ASxxxx Linker V02.00 + NoICE + sdld,  page 33.
Hexadecimal

Area                               Addr   Size   Decimal Bytes (Attributes)
--------------------------------   ----   ----   ------- ----- ------------
GSINIT                             007C   0035 =     53. bytes (REL,CON,CODE)

      Value  Global                              Global Defined In Module
      -----  ---------------------------------   ------------------------
ASxxxx Linker V02.00 + NoICE + sdld,  page 34.
Hexadecimal

Area                               Addr   Size   Decimal Bytes (Attributes)
--------------------------------   ----   ----   ------- ----- ------------
GSFINAL                            00B1   0003 =      3. bytes (REL,CON,CODE)

      Value  Global                              Global Defined In Module
      -----  ---------------------------------   ------------------------
ASxxxx Linker V02.00 + NoICE + sdld,  page 35.
Hexadecimal

Area                               Addr   Size   Decimal Bytes (Attributes)
--------------------------------   ----   ----   ------- ----- ------------
CSEG                               00B4   1AE6 =   6886. bytes (REL,CON,CODE)

      Value  Global                              Global Defined In Module
      -----  ---------------------------------   ------------------------
       0C:  00B4  _sendbyte                        
       0C:  00F1  _Write7219                       
       0C:  011A  _SSD_Initial                     
       0C:  0170  _delay_ms                        
       0C:  018B  _time_initial                    
       0C:  01C0  _timer0_isr                      
       0C:  023D  _time_count_add                  
       0C:  0284  _Write7219ALL                    
       0C:  030F  _server_action                   
       0C:  0347  _server_initial                  
       0C:  0359  _finish_setup                    
       0C:  037B  _main                            
       0C:  1B20  __divuint                        
       0C:  1B2A  __divint                         
       0C:  1B51  __moduint                        
       0C:  1B5B  __modint                         
       0C:  1B96  __sdcc_external_startup          

ASxxxx Linker V02.00 + NoICE + sdld,  page 36.
Hexadecimal

Area                               Addr   Size   Decimal Bytes (Attributes)
--------------------------------   ----   ----   ------- ----- ------------
CONST                              1B9A   0000 =      0. bytes (REL,CON,CODE)

      Value  Global                              Global Defined In Module
      -----  ---------------------------------   ------------------------
ASxxxx Linker V02.00 + NoICE + sdld,  page 37.
Hexadecimal

Area                               Addr   Size   Decimal Bytes (Attributes)
--------------------------------   ----   ----   ------- ----- ------------
XINIT                              1B9A   0000 =      0. bytes (REL,CON,CODE)

      Value  Global                              Global Defined In Module
      -----  ---------------------------------   ------------------------
ASxxxx Linker V02.00 + NoICE + sdld,  page 38.

Files Linked                              [ module(s) ]

main.rel                                  [ 


Libraries Linked                          [ object file ]

c:\Program Files\mide\sdcc\bin\..\lib\sm  [ _divuint.rel ]
c:\Program Files\mide\sdcc\bin\..\lib\sm  [ crtclear.rel ]
c:\Program Files\mide\sdcc\bin\..\lib\sm  [ crtxinit.rel ]
c:\Program Files\mide\sdcc\bin\..\lib\sm  [ crtxclear.rel ]
c:\Program Files\mide\sdcc\bin\..\lib\sm  [ _bp.rel ]
c:\Program Files\mide\sdcc\bin\..\lib\sm  [ crtpagesfr.rel ]
c:\Program Files\mide\sdcc\bin\..\lib\sm  [ crtstart.rel ]
c:\Program Files\mide\sdcc\bin\..\lib\sm  [ _moduint.rel ]
c:\Program Files\mide\sdcc\bin\..\lib\sm  [ _startup.rel ]

ASxxxx Linker V02.00 + NoICE + sdld,  page 39.

User Base Address Definitions

HOME = 0x0000
ISEG = 0x0000
BSEG = 0x0000

